{
  "created_at": "{TIMESTAMP}",
  "duration_ms": {DURATION_MS},
  "id": "{INTERACTION_ID_13}",
  "interaction_type": "tool_call",
  "server_name": "prometheus-mcp",
  "tool_name": "query_alerts"
}

=== TOOL_ARGUMENTS ===
{
  "query": "ALERTS{alertname=\"OOMKilled\",pod=\"pod-1\"}"
}

=== TOOL_RESULT ===
{
  "content": "[{\"alertname\":\"OOMKilled\",\"pod\":\"pod-1\",\"namespace\":\"default\",\"severity\":\"critical\",\"state\":\"firing\",\"startsAt\":\"{TIMESTAMP}\",\"summary\":\"Container killed due to OOM\",\"description\":\"Pod pod-1 exceeded memory limit of 512Mi\"},{\"alertname\":\"OOMKilled\",\"pod\":\"pod-1\",\"namespace\":\"default\",\"severity\":\"critical\",\"state\":\"resolved\",\"startsAt\":\"{TIMESTAMP}\",\"endsAt\":\"{TIMESTAMP}\",\"summary\":\"Container killed due to OOM\",\"description\":\"Pod pod-1 exceeded memory limit of 512Mi\"},{\"alertname\":\"OOMKilled\",\"pod\":\"pod-1\",\"namespace\":\"default\",\"severity\":\"critical\",\"state\":\"resolved\",\"startsAt\":\"{TIMESTAMP}\",\"endsAt\":\"{TIMESTAMP}\",\"summary\":\"Container killed due to OOM\",\"description\":\"Pod pod-1 exceeded memory limit of 512Mi\"}]",
  "is_error": false
}
