{
  "created_at": "{TIMESTAMP}",
  "duration_ms": {DURATION_MS},
  "id": "{INTERACTION_ID_10}",
  "input_tokens": 10,
  "interaction_type": "summarization",
  "llm_request": {
    "iteration": 0,
    "messages_count": 2
  },
  "llm_response": {
    "text_length": 57,
    "tool_calls_count": 0
  },
  "model_name": "test-model",
  "output_tokens": 5,
  "total_tokens": 15
}
