═══════════════════════════════════════════════════════════════════════════════
📋 INVESTIGATION HISTORY
═══════════════════════════════════════════════════════════════════════════════

## Stage 1: Investigation

**Agent:** test-agent (langchain)
**Status**: in_progress

(No investigation history available)

## Stage 2: Action

**Agent:** test-agent (langchain)
**Status**: in_progress

(No investigation history available)

## Stage 3: Exec Summary

**Agent:** test-agent (langchain)
**Status**: in_progress

(No investigation history available)

