{"status":"in_progress","type":"session.status"}
{"stage_index":1,"stage_name":"parallel-stage","status":"started","type":"stage.status"}
{"event_type":"llm_response","status":"streaming","type":"timeline_event.created"}
{"type":"stream.chunk"}
{"event_type":"error","status":"completed","type":"timeline_event.created"}
{"content":"Agent1 analysis complete.","event_type":null,"status":"completed","type":"timeline_event.completed"}
{"event_type":"error","status":"completed","type":"timeline_event.created"}
{"event_type":"error","status":"completed","type":"timeline_event.created"}
{"event_type":"final_analysis","status":"completed","type":"timeline_event.created"}
{"stage_index":1,"stage_name":"parallel-stage","status":"failed","type":"stage.status"}
{"status":"failed","type":"session.status"}
