{
  "created_at": "{TIMESTAMP}",
  "duration_ms": {DURATION_MS},
  "id": "{INTERACTION_ID_7}",
  "interaction_type": "tool_call",
  "server_name": "test-mcp",
  "tool_name": "get_nodes"
}

=== TOOL_RESULT ===
{
  "content": "[{\"name\":\"worker-1\",\"status\":\"Ready\",\"cpu\":\"4\",\"memory\":\"16Gi\"}]",
  "is_error": false
}
