{
  "created_at": "{TIMESTAMP}",
  "duration_ms": {DURATION_MS},
  "id": "{INTERACTION_ID_9}",
  "interaction_type": "tool_call",
  "server_name": "prometheus-mcp",
  "tool_name": "query_metrics"
}

=== TOOL_ARGUMENTS ===
{
  "query": "container_memory_usage_bytes{pod=\"pod-1\"}"
}

=== TOOL_RESULT ===
{
  "content": "[{\"metric\":\"container_memory_usage_bytes\",\"pod\":\"pod-1\",\"value\":\"524288000\",\"timestamp\":\"{TIMESTAMP}\"}]",
  "is_error": false
}
