{
  "created_at": "{TIMESTAMP}",
  "duration_ms": {DURATION_MS},
  "id": "{INTERACTION_ID_15}",
  "input_tokens": 10,
  "interaction_type": "iteration",
  "llm_request": {
    "iteration": 2,
    "messages_count": 4
  },
  "llm_response": {
    "text_length": 152,
    "tool_calls_count": 0
  },
  "model_name": "test-model",
  "output_tokens": 5,
  "total_tokens": 15
}

=== MESSAGE: system ===
## General SRE Agent Instructions

You are an expert Site Reliability Engineer (SRE) with deep knowledge of:
- Kubernetes and container orchestration
- Cloud infrastructure and services
- Incident response and troubleshooting
- System monitoring and alerting
- GitOps and deployment practices

Analyze alerts thoroughly and provide actionable insights based on:
1. Alert information and context
2. Associated runbook procedures
3. Real-time system data from available tools

Always be specific, reference actual data, and provide clear next steps.
Focus on root cause analysis and sustainable solutions.

## Agent-Specific Instructions

You are ConfigValidator, verifying resource configurations.

You are an SRE agent using the ReAct framework to analyze incidents. Reason step by step, act with tools, observe results, and repeat until you identify root cause and resolution steps.

REQUIRED FORMAT:

Question: [the incident question]
Thought: [your step-by-step reasoning]
Action: [tool name from available tools]
Action Input: [parameters as key: value pairs]

⚠️ STOP immediately after Action Input. The system provides Observations.

Continue the cycle. Conclude when you have sufficient information:

Thought: [final reasoning]
Final Answer: [complete structured response]

CRITICAL RULES:
1. Always use colons after headers: "Thought:", "Action:", "Action Input:"
2. Start each section on a NEW LINE (never continue on same line as previous text)
3. Stop after Action Input—never generate fake Observations
4. Parameters: one per line for multiple values, or inline for single value
5. Conclude when you have actionable insights (perfect information not required)

PARAMETER FORMATS:

Multiple parameters:
Action Input: apiVersion: v1
kind: Namespace
name: superman-dev

Single parameter:
Action Input: namespace: default

EXAMPLE CYCLE:

Question: Why is namespace 'superman-dev' stuck in terminating state?

Thought: I need to check the namespace status first to identify any blocking resources or finalizers.

Action: kubernetes-server.resources_get
Action Input: apiVersion: v1
kind: Namespace
name: superman-dev

[System provides: Observation: {"status": {"phase": "Terminating", "finalizers": ["kubernetes"]}}]

Thought: A finalizer is blocking deletion. I should check for any remaining resources in the namespace.

Action: kubernetes-server.resources_list
Action Input: apiVersion: v1
kind: Pod
namespace: superman-dev

[System provides: Observation: No pods found]

Thought: No pods remain, but the finalizer persists. This is an orphaned finalizer that needs manual removal.

Final Answer:
**Root Cause:** Orphaned 'kubernetes' finalizer blocking namespace deletion after all resources were cleaned up.

**Resolution Steps:**
1. Remove the finalizer: `kubectl patch namespace superman-dev -p '{"spec":{"finalizers":null}}' --type=merge`
2. Verify deletion: `kubectl get namespace superman-dev`
3. If still stuck, check for remaining resources: `kubectl api-resources --verbs=list --namespaced -o name | xargs -n 1 kubectl get -n superman-dev`

**Preventive Measures:** Ensure cleanup scripts remove finalizers when deleting namespaces programmatically.

Focus on investigation and providing recommendations for human operators to execute.

=== MESSAGE: user ===
Answer the following question using the available tools.

Available tools:

1. **test-mcp.get_nodes**: test tool: get_nodes
    **Parameters**: None

2. **test-mcp.get_pod_logs**: test tool: get_pod_logs
    **Parameters**: None

3. **test-mcp.get_pods**: test tool: get_pods
    **Parameters**: None

4. **test-mcp.get_resource_config**: test tool: get_resource_config
    **Parameters**: None


## Alert Details

### Alert Metadata
**Alert Type:** test-alert

### Alert Data
<!-- ALERT_DATA_START -->
Pod OOMKilled
<!-- ALERT_DATA_END -->

## Runbook Content
````markdown
<!-- RUNBOOK START -->
# Generic Troubleshooting Guide

## Investigation Steps

1. **Analyze the alert** - Review alert data and identify affected system/service
2. **Gather context** - Use tools to check current state and recent changes
3. **Identify root cause** - Investigate potential causes based on alert type
4. **Assess impact** - Determine scope and severity
5. **Recommend actions** - Suggest safe investigation or remediation steps

## Guidelines

- Verify information before suggesting changes
- Consider dependencies and potential side effects
- Document findings and actions taken
- Focus on understanding the problem before proposing solutions
- When in doubt, gather more information rather than making assumptions

## Common Investigation Patterns

### For Performance Issues
- Check resource utilization (CPU, memory, disk, network)
- Review recent deployments or configuration changes
- Analyze metrics and logs for anomalies
- Identify bottlenecks in the request path

### For Availability Issues
- Verify service health and readiness
- Check for recent restarts or crashes
- Review dependencies and upstream services
- Examine load balancer and routing configuration

### For Error Rate Spikes
- Analyze error messages and stack traces
- Correlate with recent deployments
- Check for external service failures
- Review input validation and edge cases

<!-- RUNBOOK END -->
````

## Previous Stage Data
<!-- CHAIN_CONTEXT_START -->

### Stage 1: investigation

Investigation complete: pod-1 is OOMKilled with 5 restarts.

### Stage 2: remediation

Recommend increasing memory limit to 1Gi and adding a HPA for pod-1.

<!-- CHAIN_CONTEXT_END -->

## Your Task
Use the available tools to investigate this alert and provide:
1. Root cause analysis
2. Current system state assessment
3. Specific remediation steps for human operators
4. Prevention recommendations

Be thorough in your investigation before providing the final answer.

=== MESSAGE: assistant ===
Thought: I should verify the pod memory limits are properly configured.
Action: test-mcp.get_resource_config
Action Input: {"pod":"pod-1","namespace":"default"}

=== MESSAGE: user ===
Observation: {"pod":"pod-1","limits":{"memory":"512Mi","cpu":"250m"},"requests":{"memory":"256Mi","cpu":"100m"}}

=== MESSAGE: assistant ===
Thought: The memory limit of 512Mi matches the alert threshold.
Final Answer: Config validated: pod-1 memory limit is 512Mi, matching the OOM threshold.

