{
  "created_at": "{TIMESTAMP}",
  "id": "{INTERACTION_ID_28}",
  "interaction_type": "tool_list",
  "server_name": "test-mcp"
}

=== AVAILABLE_TOOLS ===
[
  {
    "description": "test tool: get_nodes",
    "name": "get_nodes"
  },
  {
    "description": "test tool: get_pod_logs",
    "name": "get_pod_logs"
  },
  {
    "description": "test tool: get_pods",
    "name": "get_pods"
  },
  {
    "description": "test tool: get_resource_config",
    "name": "get_resource_config"
  }
]
