{"content":"MCP tool execution failed: session recreation failed for \"test-mcp\": failed to connect to \"test-mcp\": exec: \"mock\": executable file not found in $PATH","event_type":null,"status":"completed","type":"timeline_event.completed"}
{"event_type":"llm_response","status":"streaming","type":"timeline_event.created"}
{"type":"stream.chunk"}
{"content":"Replica 3 analysis.","event_type":null,"status":"completed","type":"timeline_event.completed"}
{"event_type":"final_analysis","status":"completed","type":"timeline_event.created"}
{"stage_index":1,"stage_name":"replicated-stage","status":"completed","type":"stage.status"}
{"stage_index":2,"stage_name":"replicated-stage - Synthesis","status":"started","type":"stage.status"}
{"event_type":"llm_response","status":"streaming","type":"timeline_event.created"}
{"type":"stream.chunk"}
{"content":"Synthesis: All 3 replicas agree.","event_type":null,"status":"completed","type":"timeline_event.completed"}
{"event_type":"final_analysis","status":"completed","type":"timeline_event.created"}
{"stage_index":2,"stage_name":"replicated-stage - Synthesis","status":"completed","type":"stage.status"}
{"status":"completed","type":"session.status"}
