{
  "agent_type": "kubernetes-oom",
  "alert_data": "Pod app-1 OOMKilled",
  "alert_type": "kubernetes-oom",
  "author": "api-client",
  "chain_id": "kubernetes-oom",
  "completed_at": "{TIMESTAMP}",
  "created_at": "{TIMESTAMP}",
  "current_stage_id": "{STAGE_ID_4}",
  "current_stage_index": 4,
  "edges": {},
  "executive_summary": "Pod app-1 OOM killed due to unbounded cache.",
  "final_analysis": "Root cause: unbounded cache in app-1 leads to OOM.",
  "id": "{SESSION_ID}",
  "last_interaction_at": "{TIMESTAMP}",
  "pod_id": "e2e-test-TestE2E_FullFlow",
  "started_at": "{TIMESTAMP}",
  "status": "completed"
}
