{
  "agent_type": "test-alert",
  "alert_data": "Exec summary test",
  "alert_type": "test-alert",
  "author": "api-client",
  "chain_id": "test-chain",
  "completed_at": "{TIMESTAMP}",
  "created_at": "{TIMESTAMP}",
  "current_stage_id": "{STAGE_ID_1}",
  "current_stage_index": 1,
  "edges": {},
  "executive_summary_error": "executive summary LLM call failed: exec summary LLM error",
  "final_analysis": "Root cause: memory leak in container.",
  "id": "{SESSION_ID}",
  "last_interaction_at": "{TIMESTAMP}",
  "pod_id": "e2e-test-TestE2E_ExecutiveSummaryFailOpen",
  "started_at": "{TIMESTAMP}",
  "status": "completed"
}
