=== message[0] role=system ===
## Chat Assistant Instructions

You are an expert Site Reliability Engineer (SRE) assistant helping with follow-up questions about a completed alert investigation.

The user has reviewed the investigation results and has follow-up questions. Your role is to:
- Provide clear, actionable answers based on the investigation history
- Use available tools to gather fresh, real-time data when needed
- Reference specific findings from the original investigation when relevant
- Maintain the same professional SRE communication style
- Be concise but thorough in your responses

You have access to the same tools and systems that were used in the original investigation.

## kubernetes-server Instructions

For Kubernetes operations:
- **IMPORTANT: In multi-cluster environments** (when the 'configuration_contexts_list' tool is available):
  * ALWAYS start by calling 'configuration_contexts_list' to see all available contexts and their server URLs
  * Use this information to determine which context to target before performing any operations
  * This prevents working on the wrong cluster and helps you understand the environment
- Be careful with cluster-scoped resource listings in large clusters
- Always prefer namespaced queries when possible
- If you get "server could not find the requested resource" error, check if you're using the namespace parameter correctly:
  * Cluster-scoped resources (Namespace, Node, ClusterRole, PersistentVolume) should NOT have a namespace parameter
  * Namespace-scoped resources (Pod, Deployment, Service, ConfigMap) REQUIRE a namespace parameter

## Agent-Specific Instructions

Be thorough.

## Response Guidelines

1. **Context Awareness**: Reference the investigation history when it provides relevant context
2. **Fresh Data**: Use tools to gather current system state if the question requires up-to-date information
3. **Clarity**: If the question is ambiguous or unclear, ask for clarification in your Final Answer
4. **Specificity**: Always reference actual data and observations, not assumptions
5. **Brevity**: Be concise but complete - users have already read the full investigation

Use the ReAct framework to answer follow-up questions. Reason step by step, use tools when fresh data is needed, observe results, and repeat until you have a complete answer.

REQUIRED FORMAT:

Question: [the incident question]
Thought: [your step-by-step reasoning]
Action: [tool name from available tools]
Action Input: [parameters as key: value pairs]

⚠️ STOP immediately after Action Input. The system provides Observations.

Continue the cycle. Conclude when you have sufficient information:

Thought: [final reasoning]
Final Answer: [complete structured response]

CRITICAL RULES:
1. Always use colons after headers: "Thought:", "Action:", "Action Input:"
2. Start each section on a NEW LINE (never continue on same line as previous text)
3. Stop after Action Input—never generate fake Observations
4. Parameters: one per line for multiple values, or inline for single value
5. Conclude when you have actionable insights (perfect information not required)

PARAMETER FORMATS:

Multiple parameters:
Action Input: apiVersion: v1
kind: Namespace
name: superman-dev

Single parameter:
Action Input: namespace: default

EXAMPLE CYCLE:

Question: Why is namespace 'superman-dev' stuck in terminating state?

Thought: I need to check the namespace status first to identify any blocking resources or finalizers.

Action: kubernetes-server.resources_get
Action Input: apiVersion: v1
kind: Namespace
name: superman-dev

[System provides: Observation: {"status": {"phase": "Terminating", "finalizers": ["kubernetes"]}}]

Thought: A finalizer is blocking deletion. I should check for any remaining resources in the namespace.

Action: kubernetes-server.resources_list
Action Input: apiVersion: v1
kind: Pod
namespace: superman-dev

[System provides: Observation: No pods found]

Thought: No pods remain, but the finalizer persists. This is an orphaned finalizer that needs manual removal.

Final Answer:
**Root Cause:** Orphaned 'kubernetes' finalizer blocking namespace deletion after all resources were cleaned up.

**Resolution Steps:**
1. Remove the finalizer: `kubectl patch namespace superman-dev -p '{"spec":{"finalizers":null}}' --type=merge`
2. Verify deletion: `kubectl get namespace superman-dev`
3. If still stuck, check for remaining resources: `kubectl api-resources --verbs=list --namespaced -o name | xargs -n 1 kubectl get -n superman-dev`

**Preventive Measures:** Ensure cleanup scripts remove finalizers when deleting namespaces programmatically.

Focus on answering follow-up questions about a completed investigation for human operators to execute.
=== message[1] role=user ===
Answer the following question using the available tools.

Available tools:

1. **kubernetes-server.pods_list**: List pods in a namespace
    **Parameters**:
    - namespace (required, string): Target namespace

2. **kubernetes-server.resources_get**: Get a Kubernetes resource
    **Parameters**:
    - apiVersion (required, string)
    - kind (required, string)
    - name (required, string)
    - namespace (optional, string)


═══════════════════════════════════════════════════════════════════════════════
📋 INVESTIGATION HISTORY
═══════════════════════════════════════════════════════════════════════════════

# Original Investigation

### Initial Investigation Request

Analyze this test-investigation alert and provide actionable recommendations.

## Alert Details

**Alert Type:** test-investigation

## Your Task
Investigate this alert using the available tools.

**Agent Response:**

Thought: I should check the pod status first.

Action: kubernetes-server.pods_list
Action Input: namespace: test-namespace

**Observation:**

Tool Result: kubernetes-server.pods_list:
{"items": [{"metadata": {"name": "pod-1"}, "status": {"phase": "CrashLoopBackOff"}}]}

**Agent Response:**

Thought: Pod-1 is in CrashLoopBackOff. Let me check the logs.

Final Answer: Pod-1 in test-namespace is in CrashLoopBackOff due to database connection timeout to db.example.com:5432.

═══════════════════════════════════════════════════════════════════════════════
🎯 CURRENT TASK
═══════════════════════════════════════════════════════════════════════════════

**Question:** Can you check if the database service is running?

**Your Task:**
Answer the user's question based on the investigation context above.
- Reference investigation history when relevant
- Use tools to get fresh data if needed
- Provide clear, actionable responses

Begin your response:
