{
  "agent_type": "test-alert",
  "alert_data": "Pod OOMKilled",
  "alert_type": "test-alert",
  "author": "api-client",
  "chain_id": "test-chain",
  "completed_at": "{TIMESTAMP}",
  "created_at": "{TIMESTAMP}",
  "current_stage_id": "{STAGE_ID_4}",
  "current_stage_index": 4,
  "edges": {},
  "executive_summary": "Pod-1 OOM killed due to memory leak. Recommend increasing memory limit.",
  "final_analysis": "Combined validation confirms pod-1 has correct memory limit of 512Mi but violates 99.9% availability SLO.",
  "id": "{SESSION_ID}",
  "last_interaction_at": "{TIMESTAMP}",
  "pod_id": "e2e-test-TestE2E_Pipeline",
  "started_at": "{TIMESTAMP}",
  "status": "completed"
}
