{
  "agent_type": "test-alert",
  "alert_data": "Pod OOMKilled",
  "alert_type": "test-alert",
  "author": "api-client",
  "chain_id": "test-chain",
  "completed_at": "{TIMESTAMP}",
  "created_at": "{TIMESTAMP}",
  "current_stage_id": "{STAGE_ID_6}",
  "current_stage_index": 6,
  "edges": {},
  "executive_summary": "Pod-1 OOM killed due to memory leak. Recommend increasing memory limit.",
  "final_analysis": "Both replicas confirm: set HPA to 70% CPU with min=2, max=5 replicas for pod-1.",
  "id": "{SESSION_ID}",
  "last_interaction_at": "{TIMESTAMP}",
  "pod_id": "e2e-test-TestE2E_Pipeline",
  "started_at": "{TIMESTAMP}",
  "status": "completed"
}
