[
  {
    "agent": "ChatAgent",
    "content": "The user wants current SLO status. Let me query Prometheus.",
    "event_type": "llm_thinking",
    "metadata": {
      "source": "native"
    },
    "sequence": 1,
    "status": "completed"
  },
  {
    "agent": "ChatAgent",
    "content": "The user wants to know the OOM root cause. Let me check current pod status.",
    "event_type": "llm_thinking",
    "metadata": {
      "source": "native"
    },
    "sequence": 1,
    "status": "completed"
  },
  {
    "agent": "ChatAgent",
    "content": "Let me check the current SLO metrics for pod-1.",
    "event_type": "llm_response",
    "sequence": 2,
    "status": "completed"
  },
  {
    "agent": "ChatAgent",
    "content": "Let me check the current pod status to explain the OOM kill.",
    "event_type": "llm_response",
    "sequence": 2,
    "status": "completed"
  },
  {
    "agent": "ChatAgent",
    "content": "[{\"name\":\"pod-1\",\"namespace\":\"default\",\"status\":\"OOMKilled\",\"restarts\":5,\"cpu\":\"250m\",\"memory\":\"512Mi\",\"node\":\"worker-1\",\"image\":\"app:v1.2.3\",\"started\":\"{TIMESTAMP}\",\"lastRestart\":\"{TIMESTAMP}\"},{\"name\":\"pod-2\",\"namespace\":\"default\",\"status\":\"Running\",\"restarts\":0,\"cpu\":\"100m\",\"memory\":\"256Mi\",\"node\":\"worker-2\",\"image\":\"app:v1.2.3\",\"started\":\"{TIMESTAMP}\",\"lastRestart\":\"\"},{\"name\":\"pod-3\",\"namespace\":\"default\",\"status\":\"CrashLoopBackOff\",\"restarts\":12,\"cpu\":\"500m\",\"memory\":\"1Gi\",\"node\":\"worker-1\",\"image\":\"app:v1.2.3\",\"started\":\"{TIMESTAMP}\",\"lastRestart\":\"{TIMESTAMP}\"}]",
    "event_type": "llm_tool_call",
    "metadata": {
      "arguments": "{\"namespace\":\"default\"}",
      "is_error": false,
      "server_name": "test-mcp",
      "tool_name": "get_pods"
    },
    "sequence": 3,
    "status": "completed"
  },
  {
    "agent": "ChatAgent",
    "content": "[{\"slo\":\"availability\",\"target\":0.999,\"current\":0.95,\"pod\":\"pod-1\",\"violation\":true}]",
    "event_type": "llm_tool_call",
    "metadata": {
      "arguments": "{\"pod\":\"pod-1\"}",
      "is_error": false,
      "server_name": "prometheus-mcp",
      "tool_name": "query_slo"
    },
    "sequence": 3,
    "status": "completed"
  },
  {
    "agent": "ChatAgent",
    "content": "The SLO data shows the availability target is not being met.",
    "event_type": "llm_thinking",
    "metadata": {
      "source": "native"
    },
    "sequence": 4,
    "status": "completed"
  },
  {
    "agent": "ChatAgent",
    "content": "Pod pod-1 is OOMKilled with 5 restarts in default namespace.",
    "event_type": "mcp_tool_summary",
    "metadata": {
      "original_tokens": 156,
      "server_name": "test-mcp",
      "summarization_model": "test-model",
      "tool_name": "get_pods"
    },
    "sequence": 4,
    "status": "completed"
  },
  {
    "agent": "ChatAgent",
    "content": "The current SLO metrics show pod-1 availability at 95%, well below the 99.9% target. This is a critical violation that needs immediate attention.",
    "event_type": "llm_response",
    "sequence": 5,
    "status": "completed"
  },
  {
    "agent": "ChatAgent",
    "content": "The pod data confirms the OOM kill pattern.",
    "event_type": "llm_thinking",
    "metadata": {
      "source": "native"
    },
    "sequence": 5,
    "status": "completed"
  },
  {
    "agent": "ChatAgent",
    "content": "The current SLO metrics show pod-1 availability at 95%, well below the 99.9% target. This is a critical violation that needs immediate attention.",
    "event_type": "final_analysis",
    "sequence": 6,
    "status": "completed"
  },
  {
    "agent": "ChatAgent",
    "content": "Pod-1 was OOM killed because it exceeded the 512Mi memory limit. The pod has restarted 5 times due to this issue.",
    "event_type": "llm_response",
    "sequence": 6,
    "status": "completed"
  },
  {
    "agent": "ChatAgent",
    "content": "Pod-1 was OOM killed because it exceeded the 512Mi memory limit. The pod has restarted 5 times due to this issue.",
    "event_type": "final_analysis",
    "sequence": 7,
    "status": "completed"
  },
  {
    "agent": "ChatAgent",
    "content": "What caused the OOM kill for pod-1?",
    "event_type": "user_question",
    "sequence": 1000000,
    "status": "streaming"
  },
  {
    "agent": "ChatAgent",
    "content": "What are the current SLO metrics for pod-1?",
    "event_type": "user_question",
    "sequence": 1000001,
    "status": "streaming"
  },
  {
    "agent": "ConfigValidator",
    "content": "Thought: I should verify the pod memory limits are properly configured.\nAction: test-mcp.get_resource_config\nAction Input: {\"pod\":\"pod-1\",\"namespace\":\"default\"}",
    "event_type": "llm_response",
    "sequence": 1,
    "status": "completed"
  },
  {
    "agent": "ConfigValidator",
    "content": "I should verify the pod memory limits are properly configured.",
    "event_type": "llm_thinking",
    "metadata": {
      "source": "react"
    },
    "sequence": 2,
    "status": "completed"
  },
  {
    "agent": "ConfigValidator",
    "content": "{\"pod\":\"pod-1\",\"limits\":{\"memory\":\"512Mi\",\"cpu\":\"250m\"},\"requests\":{\"memory\":\"256Mi\",\"cpu\":\"100m\"}}",
    "event_type": "llm_tool_call",
    "metadata": {
      "arguments": "{\"pod\":\"pod-1\",\"namespace\":\"default\"}",
      "is_error": false,
      "server_name": "test-mcp",
      "tool_name": "get_resource_config"
    },
    "sequence": 3,
    "status": "completed"
  },
  {
    "agent": "ConfigValidator",
    "content": "Thought: The memory limit of 512Mi matches the alert threshold.\nFinal Answer: Config validated: pod-1 memory limit is 512Mi, matching the OOM threshold.",
    "event_type": "llm_response",
    "sequence": 4,
    "status": "completed"
  },
  {
    "agent": "ConfigValidator",
    "content": "The memory limit of 512Mi matches the alert threshold.",
    "event_type": "llm_thinking",
    "metadata": {
      "source": "react"
    },
    "sequence": 5,
    "status": "completed"
  },
  {
    "agent": "ConfigValidator",
    "content": "Config validated: pod-1 memory limit is 512Mi, matching the OOM threshold.",
    "event_type": "final_analysis",
    "sequence": 6,
    "status": "completed"
  },
  {
    "agent": "DataCollector",
    "content": "Let me check the cluster nodes and pod status.",
    "event_type": "llm_thinking",
    "metadata": {
      "source": "native"
    },
    "sequence": 1,
    "status": "completed"
  },
  {
    "agent": "DataCollector",
    "content": "I'll look up the nodes and pods.",
    "event_type": "llm_response",
    "sequence": 2,
    "status": "completed"
  },
  {
    "agent": "DataCollector",
    "content": "[{\"name\":\"worker-1\",\"status\":\"Ready\",\"cpu\":\"4\",\"memory\":\"16Gi\"}]",
    "event_type": "llm_tool_call",
    "metadata": {
      "arguments": "{}",
      "is_error": false,
      "server_name": "test-mcp",
      "tool_name": "get_nodes"
    },
    "sequence": 3,
    "status": "completed"
  },
  {
    "agent": "DataCollector",
    "content": "[{\"name\":\"pod-1\",\"namespace\":\"default\",\"status\":\"OOMKilled\",\"restarts\":5,\"cpu\":\"250m\",\"memory\":\"512Mi\",\"node\":\"worker-1\",\"image\":\"app:v1.2.3\",\"started\":\"{TIMESTAMP}\",\"lastRestart\":\"{TIMESTAMP}\"},{\"name\":\"pod-2\",\"namespace\":\"default\",\"status\":\"Running\",\"restarts\":0,\"cpu\":\"100m\",\"memory\":\"256Mi\",\"node\":\"worker-2\",\"image\":\"app:v1.2.3\",\"started\":\"{TIMESTAMP}\",\"lastRestart\":\"\"},{\"name\":\"pod-3\",\"namespace\":\"default\",\"status\":\"CrashLoopBackOff\",\"restarts\":12,\"cpu\":\"500m\",\"memory\":\"1Gi\",\"node\":\"worker-1\",\"image\":\"app:v1.2.3\",\"started\":\"{TIMESTAMP}\",\"lastRestart\":\"{TIMESTAMP}\"}]",
    "event_type": "llm_tool_call",
    "metadata": {
      "arguments": "{\"namespace\":\"default\"}",
      "is_error": false,
      "server_name": "test-mcp",
      "tool_name": "get_pods"
    },
    "sequence": 4,
    "status": "completed"
  },
  {
    "agent": "DataCollector",
    "content": "Pod pod-1 is OOMKilled with 5 restarts.",
    "event_type": "mcp_tool_summary",
    "metadata": {
      "original_tokens": 156,
      "server_name": "test-mcp",
      "summarization_model": "test-model",
      "tool_name": "get_pods"
    },
    "sequence": 5,
    "status": "completed"
  },
  {
    "agent": "DataCollector",
    "content": "Let me check the memory metrics for pod-1.",
    "event_type": "llm_thinking",
    "metadata": {
      "source": "native"
    },
    "sequence": 6,
    "status": "completed"
  },
  {
    "agent": "DataCollector",
    "content": "Querying Prometheus for memory usage.",
    "event_type": "llm_response",
    "sequence": 7,
    "status": "completed"
  },
  {
    "agent": "DataCollector",
    "content": "[{\"metric\":\"container_memory_usage_bytes\",\"pod\":\"pod-1\",\"value\":\"524288000\",\"timestamp\":\"{TIMESTAMP}\"}]",
    "event_type": "llm_tool_call",
    "metadata": {
      "arguments": "{\"query\":\"container_memory_usage_bytes{pod=\\\"pod-1\\\"}\"}",
      "is_error": false,
      "server_name": "prometheus-mcp",
      "tool_name": "query_metrics"
    },
    "sequence": 8,
    "status": "completed"
  },
  {
    "agent": "DataCollector",
    "content": "The pod is clearly OOMKilled.",
    "event_type": "llm_thinking",
    "metadata": {
      "source": "native"
    },
    "sequence": 9,
    "status": "completed"
  },
  {
    "agent": "DataCollector",
    "content": "Investigation complete: pod-1 is OOMKilled with 5 restarts.",
    "event_type": "llm_response",
    "sequence": 10,
    "status": "completed"
  },
  {
    "agent": "DataCollector",
    "content": "Investigation complete: pod-1 is OOMKilled with 5 restarts.",
    "event_type": "final_analysis",
    "sequence": 11,
    "status": "completed"
  },
  {
    "agent": "MetricsValidator",
    "content": "Let me verify the SLO metrics for pod-1.",
    "event_type": "llm_thinking",
    "metadata": {
      "source": "native"
    },
    "sequence": 1,
    "status": "completed"
  },
  {
    "agent": "MetricsValidator",
    "content": "Checking SLO compliance.",
    "event_type": "llm_response",
    "sequence": 2,
    "status": "completed"
  },
  {
    "agent": "MetricsValidator",
    "content": "[{\"slo\":\"availability\",\"target\":0.999,\"current\":0.95,\"pod\":\"pod-1\",\"violation\":true}]",
    "event_type": "llm_tool_call",
    "metadata": {
      "arguments": "{\"pod\":\"pod-1\"}",
      "is_error": false,
      "server_name": "prometheus-mcp",
      "tool_name": "query_slo"
    },
    "sequence": 3,
    "status": "completed"
  },
  {
    "agent": "MetricsValidator",
    "content": "SLO is being violated.",
    "event_type": "llm_thinking",
    "metadata": {
      "forced_conclusion": true,
      "iterations_used": 1,
      "max_iterations": 1,
      "source": "native"
    },
    "sequence": 4,
    "status": "completed"
  },
  {
    "agent": "MetricsValidator",
    "content": "Metrics confirm SLO violation for pod-1 availability.",
    "event_type": "llm_response",
    "metadata": {
      "forced_conclusion": true,
      "iterations_used": 1,
      "max_iterations": 1
    },
    "sequence": 5,
    "status": "completed"
  },
  {
    "agent": "MetricsValidator",
    "content": "Metrics confirm SLO violation for pod-1 availability.",
    "event_type": "final_analysis",
    "metadata": {
      "forced_conclusion": true,
      "iterations_used": 1,
      "max_iterations": 1
    },
    "sequence": 6,
    "status": "completed"
  },
  {
    "agent": "Remediator",
    "content": "Thought: I should check the pod logs to understand the OOM pattern.\nAction: test-mcp.get_pod_logs\nAction Input: {\"pod\":\"pod-1\",\"namespace\":\"default\"}",
    "event_type": "llm_response",
    "sequence": 1,
    "status": "completed"
  },
  {
    "agent": "Remediator",
    "content": "I should check the pod logs to understand the OOM pattern.",
    "event_type": "llm_thinking",
    "metadata": {
      "source": "react"
    },
    "sequence": 2,
    "status": "completed"
  },
  {
    "agent": "Remediator",
    "content": "{\"pod\":\"pod-1\",\"logs\":\"OOMKilled at 14:30:00 - memory usage exceeded 512Mi limit\"}",
    "event_type": "llm_tool_call",
    "metadata": {
      "arguments": "{\"pod\":\"pod-1\",\"namespace\":\"default\"}",
      "is_error": false,
      "server_name": "test-mcp",
      "tool_name": "get_pod_logs"
    },
    "sequence": 3,
    "status": "completed"
  },
  {
    "agent": "Remediator",
    "content": "Thought: Let me check the Prometheus alert history for memory-related alerts.\nAction: prometheus-mcp.query_alerts\nAction Input: {\"query\":\"ALERTS{alertname=\\\"OOMKilled\\\",pod=\\\"pod-1\\\"}\"}",
    "event_type": "llm_response",
    "sequence": 4,
    "status": "completed"
  },
  {
    "agent": "Remediator",
    "content": "Let me check the Prometheus alert history for memory-related alerts.",
    "event_type": "llm_thinking",
    "metadata": {
      "source": "react"
    },
    "sequence": 5,
    "status": "completed"
  },
  {
    "agent": "Remediator",
    "content": "[{\"alertname\":\"OOMKilled\",\"pod\":\"pod-1\",\"namespace\":\"default\",\"severity\":\"critical\",\"state\":\"firing\",\"startsAt\":\"{TIMESTAMP}\",\"summary\":\"Container killed due to OOM\",\"description\":\"Pod pod-1 exceeded memory limit of 512Mi\"},{\"alertname\":\"OOMKilled\",\"pod\":\"pod-1\",\"namespace\":\"default\",\"severity\":\"critical\",\"state\":\"resolved\",\"startsAt\":\"{TIMESTAMP}\",\"endsAt\":\"{TIMESTAMP}\",\"summary\":\"Container killed due to OOM\",\"description\":\"Pod pod-1 exceeded memory limit of 512Mi\"},{\"alertname\":\"OOMKilled\",\"pod\":\"pod-1\",\"namespace\":\"default\",\"severity\":\"critical\",\"state\":\"resolved\",\"startsAt\":\"{TIMESTAMP}\",\"endsAt\":\"{TIMESTAMP}\",\"summary\":\"Container killed due to OOM\",\"description\":\"Pod pod-1 exceeded memory limit of 512Mi\"}]",
    "event_type": "llm_tool_call",
    "metadata": {
      "arguments": "{\"query\":\"ALERTS{alertname=\\\"OOMKilled\\\",pod=\\\"pod-1\\\"}\"}",
      "is_error": false,
      "server_name": "prometheus-mcp",
      "tool_name": "query_alerts"
    },
    "sequence": 6,
    "status": "completed"
  },
  {
    "agent": "Remediator",
    "content": "OOMKilled alert fired 3 times in the last hour for pod-1.",
    "event_type": "mcp_tool_summary",
    "metadata": {
      "original_tokens": 192,
      "server_name": "prometheus-mcp",
      "summarization_model": "test-model",
      "tool_name": "query_alerts"
    },
    "sequence": 7,
    "status": "completed"
  },
  {
    "agent": "Remediator",
    "content": "Thought: The logs and alerts confirm repeated OOM kills due to memory pressure.\nFinal Answer: Recommend increasing memory limit to 1Gi and adding a HPA for pod-1.",
    "event_type": "llm_response",
    "sequence": 8,
    "status": "completed"
  },
  {
    "agent": "Remediator",
    "content": "The logs and alerts confirm repeated OOM kills due to memory pressure.",
    "event_type": "llm_thinking",
    "metadata": {
      "source": "react"
    },
    "sequence": 9,
    "status": "completed"
  },
  {
    "agent": "Remediator",
    "content": "Recommend increasing memory limit to 1Gi and adding a HPA for pod-1.",
    "event_type": "final_analysis",
    "sequence": 10,
    "status": "completed"
  },
  {
    "agent": "ScalingReviewer-1",
    "content": "Evaluating horizontal scaling needs for pod-1.",
    "event_type": "llm_thinking",
    "metadata": {
      "source": "native"
    },
    "sequence": 1,
    "status": "completed"
  },
  {
    "agent": "ScalingReviewer-1",
    "content": "Current replicas=1 is insufficient. Recommend min=2 max=5 with 70% CPU target.",
    "event_type": "llm_response",
    "sequence": 2,
    "status": "completed"
  },
  {
    "agent": "ScalingReviewer-1",
    "content": "Current replicas=1 is insufficient. Recommend min=2 max=5 with 70% CPU target.",
    "event_type": "final_analysis",
    "sequence": 3,
    "status": "completed"
  },
  {
    "agent": "ScalingReviewer-2",
    "content": "Evaluating horizontal scaling needs for pod-1.",
    "event_type": "llm_thinking",
    "metadata": {
      "source": "native"
    },
    "sequence": 1,
    "status": "completed"
  },
  {
    "agent": "ScalingReviewer-2",
    "content": "Current replicas=1 is insufficient. Recommend min=2 max=5 with 70% CPU target.",
    "event_type": "llm_response",
    "sequence": 2,
    "status": "completed"
  },
  {
    "agent": "ScalingReviewer-2",
    "content": "Current replicas=1 is insufficient. Recommend min=2 max=5 with 70% CPU target.",
    "event_type": "final_analysis",
    "sequence": 3,
    "status": "completed"
  },
  {
    "agent": "SynthesisAgent",
    "content": "Both replicas confirm: set HPA to 70% CPU with min=2, max=5 replicas for pod-1.",
    "event_type": "llm_response",
    "sequence": 1,
    "status": "completed"
  },
  {
    "agent": "SynthesisAgent",
    "content": "Combining ConfigValidator and MetricsValidator results.",
    "event_type": "llm_thinking",
    "metadata": {
      "source": "native"
    },
    "sequence": 1,
    "status": "completed"
  },
  {
    "agent": "SynthesisAgent",
    "content": "Both replicas confirm: set HPA to 70% CPU with min=2, max=5 replicas for pod-1.",
    "event_type": "final_analysis",
    "sequence": 2,
    "status": "completed"
  },
  {
    "agent": "SynthesisAgent",
    "content": "Combined validation confirms pod-1 has correct memory limit of 512Mi but violates 99.9% availability SLO.",
    "event_type": "llm_response",
    "sequence": 2,
    "status": "completed"
  },
  {
    "agent": "SynthesisAgent",
    "content": "Google Search: 'kubernetes pod OOM memory limit best practices' → Sources: Resource Management for Pods and Containers (https://kubernetes.io/docs/concepts/configuration/manage-resources-containers/)",
    "event_type": "google_search_result",
    "metadata": {
      "queries": [
        "kubernetes pod OOM memory limit best practices"
      ],
      "source": "gemini",
      "sources": [
        {
          "title": "Resource Management for Pods and Containers",
          "uri": "https://kubernetes.io/docs/concepts/configuration/manage-resources-containers/"
        }
      ]
    },
    "sequence": 3,
    "status": "completed"
  },
  {
    "agent": "SynthesisAgent",
    "content": "Combined validation confirms pod-1 has correct memory limit of 512Mi but violates 99.9% availability SLO.",
    "event_type": "final_analysis",
    "sequence": 4,
    "status": "completed"
  },
  {
    "content": "Pod-1 OOM killed due to memory leak. Recommend increasing memory limit.",
    "event_type": "executive_summary",
    "sequence": 999999,
    "status": "completed"
  }
]
